---
source: tui/src/bottom_pane/tests/overmind_hud_tests.rs
assertion_line: 75
expression: "render(&pane, 100)"
---
• Working (0s • esc to interrupt)                                                                   
                                                                                                    
 ● <1s  editing 2 files · 2 tools · plan ━━╸───── 1/3 · ctx ━━━━────── 42% 107K/256K       ◆ Cursor 
                                                                                                    
› Ask Codex to do anything                                                                          
                                                                                                    
  ? for shortcuts                                                                100% context left
