---
source: tui/src/bottom_pane/command_popup.rs
expression: "format!(\"{buf:?}\")"
---
Buffer {
    area: Rect { x: 0, y: 0, width: 72, height: 1 },
    content: [
        "› /video  start a video job <brief>                                     ",
    ],
    styles: [
        x: 0, y: 0, fg: Reset, bg: Reset, underline: Reset, modifier: BOLD | REVERSED,
        x: 10, y: 0, fg: Reset, bg: Reset, underline: Reset, modifier: REVERSED,
        x: 35, y: 0, fg: Reset, bg: Reset, underline: Reset, modifier: BOLD | REVERSED,
    ]
}
